---
source: tests/snapshot_tests.rs
expression: result
---
datagrams:
  - version: 5
    agent_address:
      IPv4: 10.0.0.239
    sub_agent_id: 2684354570
    sequence_number: 136
    uptime: 8099000
    samples:
      - ExpandedCounter:
          sequence_number: 136
          source_id_type: 0
          source_id_index: 1
          records:
            - XenVif:
                vif_index: 1
                vm_address:
                  IPv4: 10.0.0.160
                domain_id: 5
                network_index: 60
                flags: 0
            - GenericInterface:
                if_index: 1
                if_type: 117
                if_speed: 100000000
                if_direction: 0
                if_status: 3
                if_in_octets: 2549344210
                if_in_ucast_pkts: 3149746914
                if_in_multicast_pkts: 30685294
                if_in_broadcast_pkts: 0
                if_in_discards: 0
                if_in_errors: 0
                if_in_unknown_protos: 0
                if_out_octets: 2495294126
                if_out_ucast_pkts: 3438639938
                if_out_multicast_pkts: 9382712
                if_out_broadcast_pkts: 0
                if_out_discards: 0
                if_out_errors: 0
                if_promiscuous_mode: 0
      - ExpandedCounter:
          sequence_number: 136
          source_id_type: 0
          source_id_index: 2
          records:
            - XenVif:
                vif_index: 1
                vm_address:
                  IPv4: 10.0.0.160
                domain_id: 5
                network_index: 60
                flags: 0
            - GenericInterface:
                if_index: 2
                if_type: 117
                if_speed: 1000000000
                if_direction: 0
                if_status: 3
                if_in_octets: 3981662216
                if_in_ucast_pkts: 934228929
                if_in_multicast_pkts: 1362980
                if_in_broadcast_pkts: 0
                if_in_discards: 5
                if_in_errors: 0
                if_in_unknown_protos: 0
                if_out_octets: 2028657292
                if_out_ucast_pkts: 868528511
                if_out_multicast_pkts: 29597736
                if_out_broadcast_pkts: 0
                if_out_discards: 0
                if_out_errors: 0
                if_promiscuous_mode: 0
      - ExpandedCounter:
          sequence_number: 136
          source_id_type: 0
          source_id_index: 3
          records:
            - XenVif:
                vif_index: 1
                vm_address:
                  IPv4: 10.0.0.160
                domain_id: 5
                network_index: 60
                flags: 0
            - GenericInterface:
                if_index: 3
                if_type: 117
                if_speed: 1000000000
                if_direction: 0
                if_status: 3
                if_in_octets: 2727089611
                if_in_ucast_pkts: 2505786439
                if_in_multicast_pkts: 7879497
                if_in_broadcast_pkts: 0
                if_in_discards: 4
                if_in_errors: 0
                if_in_unknown_protos: 0
                if_out_octets: 3094961863
                if_out_ucast_pkts: 2281084801
                if_out_multicast_pkts: 32187571
                if_out_broadcast_pkts: 0
                if_out_discards: 0
                if_out_errors: 0
                if_promiscuous_mode: 0
      - ExpandedCounter:
          sequence_number: 136
          source_id_type: 0
          source_id_index: 4
          records:
            - XenVif:
                vif_index: 1
                vm_address:
                  IPv4: 10.0.0.160
                domain_id: 5
                network_index: 60
                flags: 0
            - GenericInterface:
                if_index: 4
                if_type: 117
                if_speed: 0
                if_direction: 0
                if_status: 1
                if_in_octets: 42288
                if_in_ucast_pkts: 311
                if_in_multicast_pkts: 53
                if_in_broadcast_pkts: 0
                if_in_discards: 5
                if_in_errors: 0
                if_in_unknown_protos: 0
                if_out_octets: 83744
                if_out_ucast_pkts: 288
                if_out_multicast_pkts: 79
                if_out_broadcast_pkts: 0
                if_out_discards: 0
                if_out_errors: 0
                if_promiscuous_mode: 0
      - ExpandedCounter:
          sequence_number: 136
          source_id_type: 0
          source_id_index: 5
          records:
            - XenVif:
                vif_index: 1
                vm_address:
                  IPv4: 10.0.0.160
                domain_id: 5
                network_index: 60
                flags: 0
            - GenericInterface:
                if_index: 5
                if_type: 117
                if_speed: 0
                if_direction: 0
                if_status: 1
                if_in_octets: 5094609
                if_in_ucast_pkts: 7321
                if_in_multicast_pkts: 59
                if_in_broadcast_pkts: 0
                if_in_discards: 5
                if_in_errors: 0
                if_in_unknown_protos: 0
                if_out_octets: 1795863
                if_out_ucast_pkts: 7891
                if_out_multicast_pkts: 7887
                if_out_broadcast_pkts: 0
                if_out_discards: 0
                if_out_errors: 0
                if_promiscuous_mode: 0
      - ExpandedCounter:
          sequence_number: 136
          source_id_type: 0
          source_id_index: 6
          records:
            - XenVif:
                vif_index: 1
                vm_address:
                  IPv4: 10.0.0.160
                domain_id: 5
                network_index: 60
                flags: 0
            - GenericInterface:
                if_index: 6
                if_type: 117
                if_speed: 0
                if_direction: 0
                if_status: 1
                if_in_octets: 4159
                if_in_ucast_pkts: 0
                if_in_multicast_pkts: 37
                if_in_broadcast_pkts: 0
                if_in_discards: 5
                if_in_errors: 0
                if_in_unknown_protos: 0
                if_out_octets: 136
                if_out_ucast_pkts: 0
                if_out_multicast_pkts: 1
                if_out_broadcast_pkts: 0
                if_out_discards: 0
                if_out_errors: 0
                if_promiscuous_mode: 0
      - ExpandedCounter:
          sequence_number: 136
          source_id_type: 0
          source_id_index: 7
          records:
            - XenVif:
                vif_index: 1
                vm_address:
                  IPv4: 10.0.0.160
                domain_id: 5
                network_index: 60
                flags: 0
            - GenericInterface:
                if_index: 7
                if_type: 117
                if_speed: 0
                if_direction: 0
                if_status: 1
                if_in_octets: 17128
                if_in_ucast_pkts: 0
                if_in_multicast_pkts: 83
                if_in_broadcast_pkts: 0
                if_in_discards: 5
                if_in_errors: 0
                if_in_unknown_protos: 0
                if_out_octets: 136
                if_out_ucast_pkts: 0
                if_out_multicast_pkts: 1
                if_out_broadcast_pkts: 0
                if_out_discards: 0
                if_out_errors: 0
                if_promiscuous_mode: 0
      - ExpandedCounter:
          sequence_number: 136
          source_id_type: 0
          source_id_index: 8
          records:
            - XenVif:
                vif_index: 1
                vm_address:
                  IPv4: 10.0.0.160
                domain_id: 5
                network_index: 60
                flags: 0
            - GenericInterface:
                if_index: 8
                if_type: 117
                if_speed: 0
                if_direction: 0
                if_status: 1
                if_in_octets: 184101
                if_in_ucast_pkts: 752
                if_in_multicast_pkts: 462
                if_in_broadcast_pkts: 0
                if_in_discards: 9
                if_in_errors: 0
                if_in_unknown_protos: 0
                if_out_octets: 514804
                if_out_ucast_pkts: 711
                if_out_multicast_pkts: 7
                if_out_broadcast_pkts: 0
                if_out_discards: 0
                if_out_errors: 0
                if_promiscuous_mode: 0
      - ExpandedCounter:
          sequence_number: 136
          source_id_type: 0
          source_id_index: 25
          records:
            - XenVif:
                vif_index: 1
                vm_address:
                  IPv4: 10.0.0.160
                domain_id: 5
                network_index: 60
                flags: 0
            - GenericInterface:
                if_index: 25
                if_type: 1
                if_speed: 0
                if_direction: 0
                if_status: 3
                if_in_octets: 2669163806
                if_in_ucast_pkts: 1530066
                if_in_multicast_pkts: 37196201
                if_in_broadcast_pkts: 0
                if_in_discards: 0
                if_in_errors: 0
                if_in_unknown_protos: 0
                if_out_octets: 831322664
                if_out_ucast_pkts: 1531459
                if_out_multicast_pkts: 392953
                if_out_broadcast_pkts: 0
                if_out_discards: 0
                if_out_errors: 0
                if_promiscuous_mode: 0
error: ~
